#
# A fatal error has been detected by the Java Runtime Environment:
#
#  Internal Error (generateOopMap.cpp:2164), pid=39648, tid=3380
#  fatal error: Illegal class file encountered. Try running with -Xverify:all in method closeApplication
#
# JRE version: OpenJDK Runtime Environment (16.0.2+7) (build 16.0.2+7-67)
# Java VM: OpenJDK 64-Bit Server VM (16.0.2+7-67, mixed mode, tiered, compressed oops, compressed class ptrs, g1 gc, windows-amd64)
# No core dump will be written. Minidumps are not enabled by default on client versions of Windows
#
# If you would like to submit a bug report, please visit:
#   https://bugreport.java.com/bugreport/crash.jsp
#

---------------  S U M M A R Y ------------

Command Line: -XX:+ShowCodeDetailsInExceptionMessages -agentlib:jdwp=transport=dt_socket,suspend=y,address=localhost:58282 -ea -Dfile.encoding=Cp1252 org.testng.remote.RemoteTestNG -serport 58281 -protocol json -d C:\Users\veena.mathew\eclipse-workspace\com.QAPrimeIntegration\test-output C:\Users\veena.mathew\eclipse-workspace\com.QAPrimeIntegration\PrimeConfig.xml

Host: 11th Gen Intel(R) Core(TM) i7-1165G7 @ 2.80GHz, 8 cores, 15G,  Windows 10 , 64 bit Build 22621 (10.0.22621.2215)
Time: Thu Aug 31 17:07:13 2023 India Standard Time elapsed time: 449.580105 seconds (0d 0h 7m 29s)

---------------  T H R E A D  ---------------

Current thread (0x0000021de928ec20):  VMThread "VM Thread" [stack: 0x0000002794500000,0x0000002794600000] [id=3380]

Stack: [0x0000002794500000,0x0000002794600000]
Native frames: (J=compiled Java code, j=interpreted, Vv=VM code, C=native code)
V  [jvm.dll+0x6681ca]
V  [jvm.dll+0x7c9e69]
V  [jvm.dll+0x7cb61e]
V  [jvm.dll+0x7cbc27]
V  [jvm.dll+0x2429b3]
V  [jvm.dll+0x330cf9]
V  [jvm.dll+0x32d1a4]
V  [jvm.dll+0x32f0b5]
V  [jvm.dll+0x32f72e]
V  [jvm.dll+0x32cdaf]
V  [jvm.dll+0x32c037]
V  [jvm.dll+0x656cce]
V  [jvm.dll+0x6569d3]
V  [jvm.dll+0x61c1e8]
V  [jvm.dll+0x7c18f5]
V  [jvm.dll+0x520446]
V  [jvm.dll+0x7d00ab]
V  [jvm.dll+0x7d0da4]
V  [jvm.dll+0x7d12a9]
V  [jvm.dll+0x7d1564]
V  [jvm.dll+0x7d1630]
V  [jvm.dll+0x7795aa]
V  [jvm.dll+0x667066]
C  [ucrtbase.dll+0x29363]
C  [KERNEL32.DLL+0x1257d]
C  [ntdll.dll+0x5aa68]

VM_Operation (0x0000002794fff240): get/set locals, mode: safepoint, requested by thread 0x0000021de9e63a90


---------------  P R O C E S S  ---------------

Threads class SMR info:
_java_thread_list=0x0000021df1534a80, length=22, elements={
0x0000021dcaa03700, 0x0000021de9c533f0, 0x0000021de9c53f00, 0x0000021de9ca77f0,
0x0000021de9ca83f0, 0x0000021de9cacf10, 0x0000021de9cb0e10, 0x0000021de9cb5f70,
0x0000021de9cbf990, 0x0000021de9cca6d0, 0x0000021de9e63a90, 0x0000021de9e66c30,
0x0000021de9e675b0, 0x0000021de9e6d1f0, 0x0000021de9e75320, 0x0000021deab3ea90,
0x0000021deb573430, 0x0000021ded2eacc0, 0x0000021ded23c6b0, 0x0000021dece41e80,
0x0000021deb226e10, 0x0000021deb227360
}

Java Threads: ( => current thread )
  0x0000021dcaa03700 JavaThread "main" [_thread_blocked, id=12464, stack(0x0000002793f00000,0x0000002794000000)]
  0x0000021de9c533f0 JavaThread "Reference Handler" daemon [_thread_blocked, id=45996, stack(0x0000002794600000,0x0000002794700000)]
  0x0000021de9c53f00 JavaThread "Finalizer" daemon [_thread_blocked, id=34516, stack(0x0000002794700000,0x0000002794800000)]
  0x0000021de9ca77f0 JavaThread "Signal Dispatcher" daemon [_thread_blocked, id=19768, stack(0x0000002794800000,0x0000002794900000)]
  0x0000021de9ca83f0 JavaThread "Attach Listener" daemon [_thread_blocked, id=9328, stack(0x0000002794900000,0x0000002794a00000)]
  0x0000021de9cacf10 JavaThread "Service Thread" daemon [_thread_blocked, id=41568, stack(0x0000002794a00000,0x0000002794b00000)]
  0x0000021de9cb0e10 JavaThread "Monitor Deflation Thread" daemon [_thread_blocked, id=47048, stack(0x0000002794b00000,0x0000002794c00000)]
  0x0000021de9cb5f70 JavaThread "C2 CompilerThread0" daemon [_thread_blocked, id=46312, stack(0x0000002794c00000,0x0000002794d00000)]
  0x0000021de9cbf990 JavaThread "C1 CompilerThread0" daemon [_thread_blocked, id=28084, stack(0x0000002794d00000,0x0000002794e00000)]
  0x0000021de9cca6d0 JavaThread "Sweeper thread" daemon [_thread_blocked, id=41580, stack(0x0000002794e00000,0x0000002794f00000)]
  0x0000021de9e63a90 JavaThread "JDWP Transport Listener: dt_socket" daemon [_thread_blocked, id=11276, stack(0x0000002794f00000,0x0000002795000000)]
  0x0000021de9e66c30 JavaThread "JDWP Event Helper Thread" daemon [_thread_blocked, id=1896, stack(0x0000002795000000,0x0000002795100000)]
  0x0000021de9e675b0 JavaThread "JDWP Command Reader" daemon [_thread_in_native, id=35060, stack(0x0000002795100000,0x0000002795200000)]
  0x0000021de9e6d1f0 JavaThread "Notification Thread" daemon [_thread_blocked, id=13228, stack(0x0000002795200000,0x0000002795300000)]
  0x0000021de9e75320 JavaThread "Common-Cleaner" daemon [_thread_blocked, id=37344, stack(0x0000002795400000,0x0000002795500000)]
  0x0000021deab3ea90 JavaThread "ReaderThread" [_thread_in_native, id=23928, stack(0x0000002795700000,0x0000002795800000)]
  0x0000021deb573430 JavaThread "TestNG-tests-1" [_thread_blocked, id=41144, stack(0x0000002796000000,0x0000002796100000)]
  0x0000021ded2eacc0 JavaThread "Exec Default Executor" daemon [_thread_in_native, id=39932, stack(0x0000002796200000,0x0000002796300000)]
  0x0000021ded23c6b0 JavaThread "Exec Stream Pumper" daemon [_thread_in_native, id=38976, stack(0x0000002796400000,0x0000002796500000)]
  0x0000021dece41e80 JavaThread "Exec Stream Pumper" daemon [_thread_in_native, id=37768, stack(0x0000002796500000,0x0000002796600000)]
  0x0000021deb226e10 JavaThread "Okio Watchdog" daemon [_thread_blocked, id=41288, stack(0x0000002796900000,0x0000002796a00000)]
  0x0000021deb227360 JavaThread "ForkJoinPool.commonPool-worker-5" daemon [_thread_blocked, id=20724, stack(0x0000002796700000,0x0000002796800000)]

Other Threads:
=>0x0000021de928ec20 VMThread "VM Thread" [stack: 0x0000002794500000,0x0000002794600000] [id=3380]
  0x0000021de9e6d710 WatcherThread [stack: 0x0000002795300000,0x0000002795400000] [id=20608]
  0x0000021dcaa53680 GCTaskThread "GC Thread#0" [stack: 0x0000002794000000,0x0000002794100000] [id=26036]
  0x0000021dea5d8070 GCTaskThread "GC Thread#1" [stack: 0x0000002795800000,0x0000002795900000] [id=21444]
  0x0000021dea99c2c0 GCTaskThread "GC Thread#2" [stack: 0x0000002795900000,0x0000002795a00000] [id=38352]
  0x0000021dea5d8380 GCTaskThread "GC Thread#3" [stack: 0x0000002795a00000,0x0000002795b00000] [id=32012]
  0x0000021dea5d8690 GCTaskThread "GC Thread#4" [stack: 0x0000002795b00000,0x0000002795c00000] [id=38616]
  0x0000021dea854be0 GCTaskThread "GC Thread#5" [stack: 0x0000002795c00000,0x0000002795d00000] [id=30304]
  0x0000021dea6f2c70 GCTaskThread "GC Thread#6" [stack: 0x0000002795d00000,0x0000002795e00000] [id=30964]
  0x0000021dea6f2f80 GCTaskThread "GC Thread#7" [stack: 0x0000002795e00000,0x0000002795f00000] [id=19320]
  0x0000021dcaa64390 ConcurrentGCThread "G1 Main Marker" [stack: 0x0000002794100000,0x0000002794200000] [id=42936]
  0x0000021dcaa66630 ConcurrentGCThread "G1 Conc#0" [stack: 0x0000002794200000,0x0000002794300000] [id=14868]
  0x0000021deb981560 ConcurrentGCThread "G1 Conc#1" [stack: 0x0000002796100000,0x0000002796200000] [id=30016]
  0x0000021dcaa8ebc0 ConcurrentGCThread "G1 Refine#0" [stack: 0x0000002794300000,0x0000002794400000] [id=36632]
  0x0000021de913d950 ConcurrentGCThread "G1 Service" [stack: 0x0000002794400000,0x0000002794500000] [id=24520]

Threads with active compile tasks:

VM state: at safepoint (normal execution)

VM Mutex/Monitor currently owned by a thread:  ([mutex/lock_event])
[0x0000021dcaa00e40] Threads_lock - owner thread: 0x0000021de928ec20

Heap address: 0x0000000704200000, size: 4030 MB, Compressed Oops mode: Zero based, Oop shift amount: 3

CDS disabled.
Compressed class space mapped at: 0x0000000800000000-0x0000000840000000, reserved size: 1073741824
Narrow klass base: 0x0000000800000000, Narrow klass shift: 0, Narrow klass range: 0x40000000

GC Precious Log:
 CPUs: 8 total, 8 available
 Memory: 16118M
 Large Page Support: Disabled
 NUMA Support: Disabled
 Compressed Oops: Enabled (Zero based)
 Heap Region Size: 2M
 Heap Min Capacity: 8M
 Heap Initial Capacity: 252M
 Heap Max Capacity: 4030M
 Pre-touch: Disabled
 Parallel Workers: 8
 Concurrent Workers: 2
 Concurrent Refinement Workers: 8
 Periodic GC: Disabled

Heap:
 garbage-first heap   total 104448K, used 31885K [0x0000000704200000, 0x0000000800000000)
  region size 2048K, 6 young (12288K), 4 survivors (8192K)
 Metaspace       used 47400K, committed 48192K, reserved 1097728K
  class space    used 5458K, committed 5824K, reserved 1048576K

Heap Regions: E=young(eden), S=young(survivor), O=old, HS=humongous(starts), HC=humongous(continues), CS=collection set, F=free, OA=open archive, CA=closed archive, TAMS=top-at-mark-start (previous, next)
|   0|0x0000000704200000, 0x0000000704400000, 0x0000000704400000|100%| O|  |TAMS 0x0000000704400000, 0x0000000704200000| Untracked 
|   1|0x0000000704400000, 0x0000000704600000, 0x0000000704600000|100%| O|  |TAMS 0x0000000704600000, 0x0000000704400000| Untracked 
|   2|0x0000000704600000, 0x0000000704800000, 0x0000000704800000|100%| O|  |TAMS 0x0000000704800000, 0x0000000704600000| Untracked 
|   3|0x0000000704800000, 0x00000007049b2800, 0x0000000704a00000| 84%| O|  |TAMS 0x00000007049b2800, 0x0000000704800000| Untracked 
|   4|0x0000000704a00000, 0x0000000704c00000, 0x0000000704c00000|100%| O|  |TAMS 0x0000000704c00000, 0x0000000704a00000| Untracked 
|   5|0x0000000704c00000, 0x0000000704e00000, 0x0000000704e00000|100%| O|  |TAMS 0x0000000704e00000, 0x0000000704c00000| Untracked 
|   6|0x0000000704e00000, 0x0000000705000000, 0x0000000705000000|100%| O|  |TAMS 0x0000000705000000, 0x0000000704e00000| Untracked 
|   7|0x0000000705000000, 0x0000000705200000, 0x0000000705200000|100%| O|  |TAMS 0x0000000705200000, 0x0000000705000000| Untracked 
|   8|0x0000000705200000, 0x0000000705400000, 0x0000000705400000|100%| O|  |TAMS 0x0000000705400000, 0x0000000705200000| Untracked 
|   9|0x0000000705400000, 0x0000000705600000, 0x0000000705600000|100%| O|  |TAMS 0x0000000705600000, 0x0000000705400000| Untracked 
|  10|0x0000000705600000, 0x00000007057b1400, 0x0000000705800000| 84%| O|  |TAMS 0x00000007056dba00, 0x0000000705600000| Untracked 
|  11|0x0000000705800000, 0x0000000705800000, 0x0000000705a00000|  0%| F|  |TAMS 0x0000000705800000, 0x0000000705800000| Untracked 
|  12|0x0000000705a00000, 0x0000000705a00000, 0x0000000705c00000|  0%| F|  |TAMS 0x0000000705a00000, 0x0000000705a00000| Untracked 
|  13|0x0000000705c00000, 0x0000000705c00000, 0x0000000705e00000|  0%| F|  |TAMS 0x0000000705c00000, 0x0000000705c00000| Untracked 
|  14|0x0000000705e00000, 0x0000000705e00000, 0x0000000706000000|  0%| F|  |TAMS 0x0000000705e00000, 0x0000000705e00000| Untracked 
|  15|0x0000000706000000, 0x0000000706000000, 0x0000000706200000|  0%| F|  |TAMS 0x0000000706000000, 0x0000000706000000| Untracked 
|  16|0x0000000706200000, 0x0000000706200000, 0x0000000706400000|  0%| F|  |TAMS 0x0000000706200000, 0x0000000706200000| Untracked 
|  17|0x0000000706400000, 0x0000000706400000, 0x0000000706600000|  0%| F|  |TAMS 0x0000000706400000, 0x0000000706400000| Untracked 
|  18|0x0000000706600000, 0x0000000706600000, 0x0000000706800000|  0%| F|  |TAMS 0x0000000706600000, 0x0000000706600000| Untracked 
|  19|0x0000000706800000, 0x0000000706800000, 0x0000000706a00000|  0%| F|  |TAMS 0x0000000706800000, 0x0000000706800000| Untracked 
|  20|0x0000000706a00000, 0x0000000706a00000, 0x0000000706c00000|  0%| F|  |TAMS 0x0000000706a00000, 0x0000000706a00000| Untracked 
|  21|0x0000000706c00000, 0x0000000706c00000, 0x0000000706e00000|  0%| F|  |TAMS 0x0000000706c00000, 0x0000000706c00000| Untracked 
|  22|0x0000000706e00000, 0x0000000706e00000, 0x0000000707000000|  0%| F|  |TAMS 0x0000000706e00000, 0x0000000706e00000| Untracked 
|  23|0x0000000707000000, 0x0000000707000000, 0x0000000707200000|  0%| F|  |TAMS 0x0000000707000000, 0x0000000707000000| Untracked 
|  24|0x0000000707200000, 0x0000000707200000, 0x0000000707400000|  0%| F|  |TAMS 0x0000000707200000, 0x0000000707200000| Untracked 
|  25|0x0000000707400000, 0x0000000707400000, 0x0000000707600000|  0%| F|  |TAMS 0x0000000707400000, 0x0000000707400000| Untracked 
|  26|0x0000000707600000, 0x0000000707600000, 0x0000000707800000|  0%| F|  |TAMS 0x0000000707600000, 0x0000000707600000| Untracked 
|  27|0x0000000707800000, 0x0000000707800000, 0x0000000707a00000|  0%| F|  |TAMS 0x0000000707800000, 0x0000000707800000| Untracked 
|  28|0x0000000707a00000, 0x0000000707a00000, 0x0000000707c00000|  0%| F|  |TAMS 0x0000000707a00000, 0x0000000707a00000| Untracked 
|  29|0x0000000707c00000, 0x0000000707c00000, 0x0000000707e00000|  0%| F|  |TAMS 0x0000000707c00000, 0x0000000707c00000| Untracked 
|  30|0x0000000707e00000, 0x0000000707e00000, 0x0000000708000000|  0%| F|  |TAMS 0x0000000707e00000, 0x0000000707e00000| Untracked 
|  31|0x0000000708000000, 0x0000000708000000, 0x0000000708200000|  0%| F|  |TAMS 0x0000000708000000, 0x0000000708000000| Untracked 
|  32|0x0000000708200000, 0x0000000708200000, 0x0000000708400000|  0%| F|  |TAMS 0x0000000708200000, 0x0000000708200000| Untracked 
|  33|0x0000000708400000, 0x0000000708400000, 0x0000000708600000|  0%| F|  |TAMS 0x0000000708400000, 0x0000000708400000| Untracked 
|  34|0x0000000708600000, 0x0000000708600000, 0x0000000708800000|  0%| F|  |TAMS 0x0000000708600000, 0x0000000708600000| Untracked 
|  35|0x0000000708800000, 0x0000000708800000, 0x0000000708a00000|  0%| F|  |TAMS 0x0000000708800000, 0x0000000708800000| Untracked 
|  36|0x0000000708a00000, 0x0000000708a00000, 0x0000000708c00000|  0%| F|  |TAMS 0x0000000708a00000, 0x0000000708a00000| Untracked 
|  37|0x0000000708c00000, 0x0000000708c00000, 0x0000000708e00000|  0%| F|  |TAMS 0x0000000708c00000, 0x0000000708c00000| Untracked 
|  38|0x0000000708e00000, 0x0000000708e00000, 0x0000000709000000|  0%| F|  |TAMS 0x0000000708e00000, 0x0000000708e00000| Untracked 
|  39|0x0000000709000000, 0x0000000709000000, 0x0000000709200000|  0%| F|  |TAMS 0x0000000709000000, 0x0000000709000000| Untracked 
|  40|0x0000000709200000, 0x0000000709200000, 0x0000000709400000|  0%| F|  |TAMS 0x0000000709200000, 0x0000000709200000| Untracked 
|  41|0x0000000709400000, 0x0000000709400000, 0x0000000709600000|  0%| F|  |TAMS 0x0000000709400000, 0x0000000709400000| Untracked 
|  42|0x0000000709600000, 0x0000000709600000, 0x0000000709800000|  0%| F|  |TAMS 0x0000000709600000, 0x0000000709600000| Untracked 
|  43|0x0000000709800000, 0x0000000709800000, 0x0000000709a00000|  0%| F|  |TAMS 0x0000000709800000, 0x0000000709800000| Untracked 
|  44|0x0000000709a00000, 0x0000000709a00000, 0x0000000709c00000|  0%| F|  |TAMS 0x0000000709a00000, 0x0000000709a00000| Untracked 
|  45|0x0000000709c00000, 0x0000000709e00000, 0x0000000709e00000|100%| S|CS|TAMS 0x0000000709c00000, 0x0000000709c00000| Complete 
|  46|0x0000000709e00000, 0x000000070a000000, 0x000000070a000000|100%| S|CS|TAMS 0x0000000709e00000, 0x0000000709e00000| Complete 
|  47|0x000000070a000000, 0x000000070a200000, 0x000000070a200000|100%| S|CS|TAMS 0x000000070a000000, 0x000000070a000000| Complete 
|  48|0x000000070a200000, 0x000000070a3bf938, 0x000000070a400000| 87%| S|CS|TAMS 0x000000070a200000, 0x000000070a200000| Complete 
| 119|0x0000000713000000, 0x0000000713089b28, 0x0000000713200000| 26%| E|  |TAMS 0x0000000713000000, 0x0000000713000000| Complete 
| 125|0x0000000713c00000, 0x0000000713e00000, 0x0000000713e00000|100%| E|CS|TAMS 0x0000000713c00000, 0x0000000713c00000| Complete 

Card table byte_map: [0x0000021ddda40000,0x0000021dde220000] _byte_map_base: 0x0000021dda21f000

Marking Bits (Prev, Next): (CMBitMap*) 0x0000021dcaa53db0, (CMBitMap*) 0x0000021dcaa53d70
 Prev Bits: [0x0000021de2900000, 0x0000021de67f8000)
 Next Bits: [0x0000021ddea00000, 0x0000021de28f8000)

Polling page: 0x0000021dca190000

Metaspace:

Usage:
  Non-class:     40.96 MB used.
      Class:      5.33 MB used.
       Both:     46.29 MB used.

Virtual space:
  Non-class space:       48.00 MB reserved,      41.38 MB ( 86%) committed,  6 nodes.
      Class space:        1.00 GB reserved,       5.69 MB ( <1%) committed,  1 nodes.
              Both:        1.05 GB reserved,      47.06 MB (  4%) committed. 

Chunk freelists:
   Non-Class:  1.84 MB
       Class:  2.25 MB
        Both:  4.10 MB

MaxMetaspaceSize: 17179869184.00 GB
CompressedClassSpaceSize: 1.00 GB
 - commit_granule_bytes: 65536.
 - commit_granule_words: 8192.
 - virtual_space_node_default_size: 1048576.
 - enlarge_chunks_in_place: 1.
 - new_chunks_are_fully_committed: 0.
 - uncommit_free_chunks: 1.
 - use_allocation_guard: 0.
 - handle_deallocations: 1.


Internal statistics:

num_allocs_failed_limit: 6.
num_arena_births: 850.
num_arena_deaths: 0.
num_vsnodes_births: 7.
num_vsnodes_deaths: 0.
num_space_committed: 753.
num_space_uncommitted: 0.
num_chunks_returned_to_freelist: 6.
num_chunks_taken_from_freelist: 2251.
num_chunk_merges: 3.
num_chunk_splits: 1452.
num_chunks_enlarged: 895.
num_purges: 0.

CodeHeap 'non-profiled nmethods': size=120000Kb used=3157Kb max_used=3157Kb free=116842Kb
 bounds [0x0000021dd5a00000, 0x0000021dd5d20000, 0x0000021ddcf30000]
CodeHeap 'profiled nmethods': size=120000Kb used=10802Kb max_used=10802Kb free=109198Kb
 bounds [0x0000021dce4d0000, 0x0000021dcef60000, 0x0000021dd5a00000]
CodeHeap 'non-nmethods': size=5760Kb used=2418Kb max_used=2537Kb free=3342Kb
 bounds [0x0000021dcdf30000, 0x0000021dce1c0000, 0x0000021dce4d0000]
 total_blobs=5833 nmethods=4984 adapters=761
 compilation: enabled
              stopped_count=0, restarted_count=0
 full_count=0

Compilation events (20 events):
Event: 19.400 Thread 0x0000021de9cbf990 nmethod 4980 0x0000021dd5cf6210 code [0x0000021dd5cf63a0, 0x0000021dd5cf6478]
Event: 19.400 Thread 0x0000021de9cbf990 4985       1       com.fasterxml.jackson.databind.cfg.BaseSettings::getClassIntrospector (5 bytes)
Event: 19.400 Thread 0x0000021de9cbf990 nmethod 4985 0x0000021dd5cf6510 code [0x0000021dd5cf66a0, 0x0000021dd5cf6778]
Event: 19.400 Thread 0x0000021de9cbf990 4987       1       org.testng.shaded.com.google.gson.reflect.TypeToken::getType (5 bytes)
Event: 19.400 Thread 0x0000021de9cbf990 nmethod 4987 0x0000021dd5cf6810 code [0x0000021dd5cf69a0, 0x0000021dd5cf6a78]
Event: 19.400 Thread 0x0000021de9cbf990 4989       3       java.lang.reflect.Executable$$Lambda$102/0x000000080013cc08::apply (13 bytes)
Event: 19.401 Thread 0x0000021de9cbf990 nmethod 4989 0x0000021dcef5bc10 code [0x0000021dcef5bdc0, 0x0000021dcef5c028]
Event: 19.402 Thread 0x0000021df2398a10 nmethod 4892 0x0000021dd5cf6b10 code [0x0000021dd5cf6ce0, 0x0000021dd5cf7158]
Event: 19.402 Thread 0x0000021df2398a10 4988       4       java.lang.StringConcatHelper::stringOf (20 bytes)
Event: 19.402 Thread 0x0000021df2398a10 nmethod 4988 0x0000021dd5cf7490 code [0x0000021dd5cf7620, 0x0000021dd5cf76b8]
Event: 19.402 Thread 0x0000021df2398a10 4874   !   4       java.io.Writer::write (52 bytes)
Event: 19.415 Thread 0x0000021df2398a10 nmethod 4874 0x0000021dd5cf7790 code [0x0000021dd5cf7940, 0x0000021dd5cf8498]
Event: 19.415 Thread 0x0000021df2398a10 4949       4       java.util.Arrays$ArrayList::size (6 bytes)
Event: 19.416 Thread 0x0000021df2398a10 nmethod 4949 0x0000021dd5cf8b10 code [0x0000021dd5cf8ca0, 0x0000021dd5cf8d58]
Event: 19.416 Thread 0x0000021df2398a10 4864       4       groovy.json.JsonTokenType::startingWith (430 bytes)
Event: 19.416 Thread 0x0000021df2398a10 nmethod 4864 0x0000021dd5cf8e10 code [0x0000021dd5cf8fa0, 0x0000021dd5cf90d8]
Event: 19.517 Thread 0x0000021df1969a60 nmethod 4890 0x0000021dd5cf9190 code [0x0000021dd5cf95e0, 0x0000021dd5cfef78]
Event: 19.861 Thread 0x0000021de9cb5f70 nmethod 4891 0x0000021dd5d02110 code [0x0000021dd5d02840, 0x0000021dd5d0ff78]
Event: 62.201 Thread 0x0000021de9cbf990 4990       3       java.util.HashMap::remove (26 bytes)
Event: 62.201 Thread 0x0000021de9cbf990 nmethod 4990 0x0000021dcef5c110 code [0x0000021dcef5c2e0, 0x0000021dcef5c678]

GC Heap History (20 events):
Event: 3.758 GC heap before
{Heap before GC invocations=4 (full 0):
 garbage-first heap   total 40960K, used 40508K [0x0000000704200000, 0x0000000800000000)
  region size 2048K, 16 young (32768K), 1 survivors (2048K)
 Metaspace       used 27972K, committed 28288K, reserved 1081344K
  class space    used 2988K, committed 3136K, reserved 1048576K
}
Event: 3.764 GC heap after
{Heap after GC invocations=5 (full 0):
 garbage-first heap   total 47104K, used 12409K [0x0000000704200000, 0x0000000800000000)
  region size 2048K, 3 young (6144K), 3 survivors (6144K)
 Metaspace       used 27972K, committed 28288K, reserved 1081344K
  class space    used 2988K, committed 3136K, reserved 1048576K
}
Event: 12.352 GC heap before
{Heap before GC invocations=5 (full 0):
 garbage-first heap   total 47104K, used 26745K [0x0000000704200000, 0x0000000800000000)
  region size 2048K, 11 young (22528K), 3 survivors (6144K)
 Metaspace       used 30625K, committed 30912K, reserved 1081344K
  class space    used 3304K, committed 3456K, reserved 1048576K
}
Event: 12.356 GC heap after
{Heap after GC invocations=6 (full 0):
 garbage-first heap   total 47104K, used 13591K [0x0000000704200000, 0x0000000800000000)
  region size 2048K, 1 young (2048K), 1 survivors (2048K)
 Metaspace       used 30625K, committed 30912K, reserved 1081344K
  class space    used 3304K, committed 3456K, reserved 1048576K
}
Event: 14.427 GC heap before
{Heap before GC invocations=6 (full 0):
 garbage-first heap   total 47104K, used 25879K [0x0000000704200000, 0x0000000800000000)
  region size 2048K, 8 young (16384K), 1 survivors (2048K)
 Metaspace       used 30813K, committed 31104K, reserved 1081344K
  class space    used 3312K, committed 3456K, reserved 1048576K
}
Event: 14.429 GC heap after
{Heap after GC invocations=7 (full 0):
 garbage-first heap   total 47104K, used 13744K [0x0000000704200000, 0x0000000800000000)
  region size 2048K, 1 young (2048K), 1 survivors (2048K)
 Metaspace       used 30813K, committed 31104K, reserved 1081344K
  class space    used 3312K, committed 3456K, reserved 1048576K
}
Event: 14.930 GC heap before
{Heap before GC invocations=7 (full 0):
 garbage-first heap   total 47104K, used 28080K [0x0000000704200000, 0x0000000800000000)
  region size 2048K, 9 young (18432K), 1 survivors (2048K)
 Metaspace       used 34750K, committed 35072K, reserved 1081344K
  class space    used 3719K, committed 3904K, reserved 1048576K
}
Event: 14.933 GC heap after
{Heap after GC invocations=8 (full 0):
 garbage-first heap   total 47104K, used 15622K [0x0000000704200000, 0x0000000800000000)
  region size 2048K, 2 young (4096K), 2 survivors (4096K)
 Metaspace       used 34750K, committed 35072K, reserved 1081344K
  class space    used 3719K, committed 3904K, reserved 1048576K
}
Event: 14.946 GC heap before
{Heap before GC invocations=8 (full 0):
 garbage-first heap   total 47104K, used 17670K [0x0000000704200000, 0x0000000800000000)
  region size 2048K, 4 young (8192K), 2 survivors (4096K)
 Metaspace       used 35342K, committed 35648K, reserved 1081344K
  class space    used 3719K, committed 3904K, reserved 1048576K
}
Event: 14.950 GC heap after
{Heap after GC invocations=9 (full 0):
 garbage-first heap   total 47104K, used 17729K [0x0000000704200000, 0x0000000800000000)
  region size 2048K, 1 young (2048K), 1 survivors (2048K)
 Metaspace       used 35342K, committed 35648K, reserved 1081344K
  class space    used 3719K, committed 3904K, reserved 1048576K
}
Event: 15.366 GC heap before
{Heap before GC invocations=10 (full 0):
 garbage-first heap   total 47104K, used 32065K [0x0000000704200000, 0x0000000800000000)
  region size 2048K, 8 young (16384K), 1 survivors (2048K)
 Metaspace       used 36977K, committed 37376K, reserved 1089536K
  class space    used 3935K, committed 4096K, reserved 1048576K
}
Event: 15.370 GC heap after
{Heap after GC invocations=11 (full 0):
 garbage-first heap   total 47104K, used 19151K [0x0000000704200000, 0x0000000800000000)
  region size 2048K, 1 young (2048K), 1 survivors (2048K)
 Metaspace       used 36977K, committed 37376K, reserved 1089536K
  class space    used 3935K, committed 4096K, reserved 1048576K
}
Event: 15.597 GC heap before
{Heap before GC invocations=11 (full 0):
 garbage-first heap   total 47104K, used 29391K [0x0000000704200000, 0x0000000800000000)
  region size 2048K, 7 young (14336K), 1 survivors (2048K)
 Metaspace       used 38109K, committed 38528K, reserved 1089536K
  class space    used 4116K, committed 4288K, reserved 1048576K
}
Event: 15.601 GC heap after
{Heap after GC invocations=12 (full 0):
 garbage-first heap   total 47104K, used 21093K [0x0000000704200000, 0x0000000800000000)
  region size 2048K, 1 young (2048K), 1 survivors (2048K)
 Metaspace       used 38109K, committed 38528K, reserved 1089536K
  class space    used 4116K, committed 4288K, reserved 1048576K
}
Event: 15.687 GC heap before
{Heap before GC invocations=12 (full 0):
 garbage-first heap   total 47104K, used 33381K [0x0000000704200000, 0x0000000800000000)
  region size 2048K, 7 young (14336K), 1 survivors (2048K)
 Metaspace       used 38897K, committed 39360K, reserved 1089536K
  class space    used 4196K, committed 4416K, reserved 1048576K
}
Event: 15.689 GC heap after
{Heap after GC invocations=13 (full 0):
 garbage-first heap   total 47104K, used 22675K [0x0000000704200000, 0x0000000800000000)
  region size 2048K, 1 young (2048K), 1 survivors (2048K)
 Metaspace       used 38897K, committed 39360K, reserved 1089536K
  class space    used 4196K, committed 4416K, reserved 1048576K
}
Event: 15.727 GC heap before
{Heap before GC invocations=13 (full 0):
 garbage-first heap   total 47104K, used 32915K [0x0000000704200000, 0x0000000800000000)
  region size 2048K, 6 young (12288K), 1 survivors (2048K)
 Metaspace       used 38918K, committed 39360K, reserved 1089536K
  class space    used 4198K, committed 4416K, reserved 1048576K
}
Event: 15.729 GC heap after
{Heap after GC invocations=14 (full 0):
 garbage-first heap   total 153600K, used 22801K [0x0000000704200000, 0x0000000800000000)
  region size 2048K, 1 young (2048K), 1 survivors (2048K)
 Metaspace       used 38918K, committed 39360K, reserved 1089536K
  class space    used 4198K, committed 4416K, reserved 1048576K
}
Event: 19.366 GC heap before
{Heap before GC invocations=15 (full 0):
 garbage-first heap   total 96256K, used 94481K [0x0000000704200000, 0x0000000800000000)
  region size 2048K, 36 young (73728K), 1 survivors (2048K)
 Metaspace       used 47234K, committed 48064K, reserved 1097728K
  class space    used 5448K, committed 5824K, reserved 1048576K
}
Event: 19.375 GC heap after
{Heap after GC invocations=16 (full 0):
 garbage-first heap   total 104448K, used 29837K [0x0000000704200000, 0x0000000800000000)
  region size 2048K, 4 young (8192K), 4 survivors (8192K)
 Metaspace       used 47234K, committed 48064K, reserved 1097728K
  class space    used 5448K, committed 5824K, reserved 1048576K
}

Deoptimization events (20 events):
Event: 19.355 Thread 0x0000021deb573430 Uncommon trap: trap_request=0xffffff97 fr.pc=0x0000021dd5c7295c relative=0x000000000000011c
Event: 19.355 Thread 0x0000021deb573430 Uncommon trap: reason=unhandled action=none pc=0x0000021dd5c7295c method=jdk.internal.loader.BuiltinClassLoader.loadClass(Ljava/lang/String;Z)Ljava/lang/Class; @ 19 c2
Event: 19.355 Thread 0x0000021deb573430 DEOPT PACKING pc=0x0000021dd5c7295c sp=0x00000027960f9b00
Event: 19.355 Thread 0x0000021deb573430 DEOPT UNPACKING pc=0x0000021dcdf7f92e sp=0x00000027960f9a20 mode 2
Event: 19.355 Thread 0x0000021deb573430 DEOPT PACKING pc=0x0000021dd5c47d68 sp=0x00000027960f9b50
Event: 19.355 Thread 0x0000021deb573430 DEOPT UNPACKING pc=0x0000021dcdf7e77e sp=0x00000027960f8fe8 mode 1
Event: 19.355 Thread 0x0000021deb573430 DEOPT PACKING pc=0x0000021dce7e22bc sp=0x00000027960fa550
Event: 19.355 Thread 0x0000021deb573430 DEOPT UNPACKING pc=0x0000021dcdf7e77e sp=0x00000027960f9a28 mode 1
Event: 19.355 Thread 0x0000021deb573430 DEOPT PACKING pc=0x0000021dcee0dd14 sp=0x00000027960fa5f0
Event: 19.355 Thread 0x0000021deb573430 DEOPT UNPACKING pc=0x0000021dcdf7e77e sp=0x00000027960f9b40 mode 1
Event: 19.355 Thread 0x0000021deb573430 DEOPT PACKING pc=0x0000021dceb2da14 sp=0x00000027960fa600
Event: 19.355 Thread 0x0000021deb573430 DEOPT UNPACKING pc=0x0000021dcdf7e77e sp=0x00000027960f9ad0 mode 1
Event: 19.364 Thread 0x0000021deb573430 Uncommon trap: trap_request=0xffffff45 fr.pc=0x0000021dd5cce770 relative=0x000000000000b7d0
Event: 19.364 Thread 0x0000021deb573430 Uncommon trap: reason=unstable_if action=reinterpret pc=0x0000021dd5cce770 method=jdk.internal.org.objectweb.asm.Frame.execute(IILjdk/internal/org/objectweb/asm/Symbol;Ljdk/internal/org/objectweb/asm/SymbolTable;)V @ 1 c2
Event: 19.364 Thread 0x0000021deb573430 DEOPT PACKING pc=0x0000021dd5cce770 sp=0x00000027960fa880
Event: 19.364 Thread 0x0000021deb573430 DEOPT UNPACKING pc=0x0000021dcdf7f92e sp=0x00000027960fa890 mode 2
Event: 19.399 Thread 0x0000021deb573430 DEOPT PACKING pc=0x0000021dce83e0cc sp=0x00000027960fdbf0
Event: 19.399 Thread 0x0000021deb573430 DEOPT UNPACKING pc=0x0000021dcdf7e77e sp=0x00000027960fd138 mode 1
Event: 19.400 Thread 0x0000021deab3ea90 DEOPT PACKING pc=0x0000021dce5ac664 sp=0x00000027957ff240
Event: 19.400 Thread 0x0000021deab3ea90 DEOPT UNPACKING pc=0x0000021dcdf7e77e sp=0x00000027957fe760 mode 0

Classes unloaded (0 events):
No events

Classes redefined (5 events):
Event: 163.224 Thread 0x0000021de928ec20 redefined class name=com.prime.generics.BaseTest, count=1
Event: 321.144 Thread 0x0000021de928ec20 redefined class name=com.prime.generics.BaseTest, count=2
Event: 341.965 Thread 0x0000021de928ec20 redefined class name=com.prime.generics.BaseTest, count=3
Event: 430.177 Thread 0x0000021de928ec20 redefined class name=com.prime.generics.BaseTest, count=4
Event: 446.135 Thread 0x0000021de928ec20 redefined class name=com.prime.generics.BaseTest, count=5

Internal exceptions (20 events):
Event: 17.879 Thread 0x0000021deb573430 Exception <a 'java/lang/NoSuchMethodError'{0x0000000705fb32b8}: 'java.lang.Object java.lang.invoke.Invokers$Holder.invokeExact_MT(java.lang.Object, java.lang.Object, java.lang.Object)'> (0x0000000705fb32b8) 
thrown [t:\workspace\open\src\hotspot\share\interpreter\linkResolver.cpp, line 790]
Event: 17.888 Thread 0x0000021deb573430 Exception <a 'java/lang/ClassCastException'{0x0000000705fe3c10}: class io.restassured.filter.log.RequestLoggingFilter cannot be cast to class groovy.lang.GroovyObject (io.restassured.filter.log.RequestLoggingFilter and groovy.lang.GroovyObject are in unnamed module of loader 'app')> (0x0000000705fe3c10) 
thrown [t:\workspace\open\src\hotspot\share\interpreter\interpreterRuntime.cpp, line 441]
Event: 17.890 Thread 0x0000021deb573430 Exception <a 'java/lang/ClassCastException'{0x0000000705ff61d0}: class io.restassured.filter.log.RequestLoggingFilter cannot be cast to class groovy.lang.GroovyObject (io.restassured.filter.log.RequestLoggingFilter and groovy.lang.GroovyObject are in unnamed module of loader 'app')> (0x0000000705ff61d0) 
thrown [t:\workspace\open\src\hotspot\share\interpreter\interpreterRuntime.cpp, line 441]
Event: 17.902 Thread 0x0000021deb573430 Exception <a 'java/lang/ClassCastException'{0x0000000705c2c328}: class io.restassured.filter.time.TimingFilter cannot be cast to class groovy.lang.GroovyObject (io.restassured.filter.time.TimingFilter and groovy.lang.GroovyObject are in unnamed module of loader 'app')> (0x0000000705c2c328) 
thrown [t:\workspace\open\src\hotspot\share\interpreter\interpreterRuntime.cpp, line 441]
Event: 18.715 Thread 0x0000021deb573430 Exception <a 'java/lang/ClassNotFoundException'{0x0000000705ccf698}: io/restassured/internal/assertion/CookieMatcherBeanInfo> (0x0000000705ccf698) 
thrown [t:\workspace\open\src\hotspot\share\classfile\systemDictionary.cpp, line 256]
Event: 18.716 Thread 0x0000021deb573430 Exception <a 'java/lang/ClassNotFoundException'{0x0000000705cd58d0}: io/restassured/internal/assertion/CookieMatcherCustomizer> (0x0000000705cd58d0) 
thrown [t:\workspace\open\src\hotspot\share\classfile\systemDictionary.cpp, line 256]
Event: 18.740 Thread 0x0000021deb573430 Exception <a 'java/lang/ClassNotFoundException'{0x0000000705a715a0}: Script1BeanInfo> (0x0000000705a715a0) 
thrown [t:\workspace\open\src\hotspot\share\classfile\systemDictionary.cpp, line 256]
Event: 18.741 Thread 0x0000021deb573430 Exception <a 'java/lang/ClassNotFoundException'{0x0000000705a77198}: Script1Customizer> (0x0000000705a77198) 
thrown [t:\workspace\open\src\hotspot\share\classfile\systemDictionary.cpp, line 256]
Event: 18.748 Thread 0x0000021deb573430 Exception <a 'java/lang/ClassCastException'{0x0000000705a8f1f0}: class io.restassured.filter.log.RequestLoggingFilter cannot be cast to class groovy.lang.GroovyObject (io.restassured.filter.log.RequestLoggingFilter and groovy.lang.GroovyObject are in unnamed module of loader 'app')> (0x0000000705a8f1f0) 
thrown [t:\workspace\open\src\hotspot\share\interpreter\interpreterRuntime.cpp, line 441]
Event: 18.755 Thread 0x0000021deb573430 Exception <a 'java/lang/ClassCastException'{0x0000000705ab38e0}: class io.restassured.filter.log.RequestLoggingFilter cannot be cast to class groovy.lang.GroovyObject (io.restassured.filter.log.RequestLoggingFilter and groovy.lang.GroovyObject are in unnamed module of loader 'app')> (0x0000000705ab38e0) 
thrown [t:\workspace\open\src\hotspot\share\interpreter\interpreterRuntime.cpp, line 441]
Event: 18.768 Thread 0x0000021deb573430 Exception <a 'java/lang/ClassCastException'{0x0000000705ae0ef0}: class io.restassured.filter.time.TimingFilter cannot be cast to class groovy.lang.GroovyObject (io.restassured.filter.time.TimingFilter and groovy.lang.GroovyObject are in unnamed module of loader 'app')> (0x0000000705ae0ef0) 
thrown [t:\workspace\open\src\hotspot\share\interpreter\interpreterRuntime.cpp, line 441]
Event: 19.354 Thread 0x0000021deb573430 Exception <a 'java/lang/ClassNotFoundException'{0x00000007059902a8}: Script1BeanInfo> (0x00000007059902a8) 
thrown [t:\workspace\open\src\hotspot\share\classfile\systemDictionary.cpp, line 256]
Event: 19.355 Thread 0x0000021deb573430 Exception <a 'java/lang/ClassNotFoundException'{0x0000000705995ea0}: Script1Customizer> (0x0000000705995ea0) 
thrown [t:\workspace\open\src\hotspot\share\classfile\systemDictionary.cpp, line 256]
Event: 19.383 Thread 0x0000021deb573430 Exception <a 'java/lang/IncompatibleClassChangeError'{0x0000000713c2dd40}: Found class java.lang.Object, but interface was expected> (0x0000000713c2dd40) 
thrown [t:\workspace\open\src\hotspot\share\interpreter\linkResolver.cpp, line 857]
Event: 19.384 Thread 0x0000021deb573430 Exception <a 'java/lang/IncompatibleClassChangeError'{0x0000000713c31078}: Found class java.lang.Object, but interface was expected> (0x0000000713c31078) 
thrown [t:\workspace\open\src\hotspot\share\interpreter\linkResolver.cpp, line 857]
Event: 19.384 Thread 0x0000021deb573430 Exception <a 'java/lang/IncompatibleClassChangeError'{0x0000000713c34370}: Found class java.lang.Object, but interface was expected> (0x0000000713c34370) 
thrown [t:\workspace\open\src\hotspot\share\interpreter\linkResolver.cpp, line 857]
Event: 19.385 Thread 0x0000021deb573430 Exception <a 'java/lang/IncompatibleClassChangeError'{0x0000000713c37640}: Found class java.lang.Object, but interface was expected> (0x0000000713c37640) 
thrown [t:\workspace\open\src\hotspot\share\interpreter\linkResolver.cpp, line 857]
Event: 19.385 Thread 0x0000021deb573430 Exception <a 'java/lang/IncompatibleClassChangeError'{0x0000000713c3a938}: Found class java.lang.Object, but interface was expected> (0x0000000713c3a938) 
thrown [t:\workspace\open\src\hotspot\share\interpreter\linkResolver.cpp, line 857]
Event: 19.386 Thread 0x0000021deb573430 Exception <a 'sun/nio/fs/WindowsException'{0x0000000713c3db58}> (0x0000000713c3db58) 
thrown [t:\workspace\open\src\hotspot\share\prims\jni.cpp, line 579]
Event: 19.397 Thread 0x0000021deb573430 Exception <a 'java/lang/IncompatibleClassChangeError'{0x0000000713c7b4d8}: Found class java.lang.Object, but interface was expected> (0x0000000713c7b4d8) 
thrown [t:\workspace\open\src\hotspot\share\interpreter\linkResolver.cpp, line 857]

Events (20 events):
Event: 440.910 Executing  VM operation: get/set locals done
Event: 440.910 Executing  VM operation: get/set locals
Event: 440.910 Executing  VM operation: get/set locals done
Event: 440.910 Executing  VM operation: get/set locals
Event: 440.910 Executing  VM operation: get/set locals done
Event: 440.910 Executing  VM operation: get/set locals
Event: 440.910 Executing  VM operation: get/set locals done
Event: 440.910 Executing  VM operation: get/set locals
Event: 440.910 Executing  VM operation: get/set locals done
Event: 440.911 Executing  VM operation: get/set locals
Event: 440.911 Executing  VM operation: get/set locals done
Event: 440.911 Executing  VM operation: get/set locals
Event: 440.911 Executing  VM operation: get/set locals done
Event: 440.911 Executing  VM operation: get/set locals
Event: 440.911 Executing  VM operation: get/set locals done
Event: 440.911 Executing  VM operation: get/set locals
Event: 440.911 Executing  VM operation: get/set locals done
Event: 446.128 Executing  VM operation: RedefineClasses
Event: 446.152 Executing  VM operation: RedefineClasses done
Event: 449.577 Executing  VM operation: get/set locals


Dynamic libraries:
0x00007ff725d80000 - 0x00007ff725d8e000 	C:\Users\veena.mathew\Desktop\eclipse\plugins\org.eclipse.justj.openjdk.hotspot.jre.full.win32.x86_64_16.0.2.v20210721-1149\jre\bin\javaw.exe
0x00007ff986470000 - 0x00007ff986684000 	C:\WINDOWS\SYSTEM32\ntdll.dll
0x00007ff985090000 - 0x00007ff985154000 	C:\WINDOWS\System32\KERNEL32.DLL
0x00007ff983a00000 - 0x00007ff983da4000 	C:\WINDOWS\System32\KERNELBASE.dll
0x00007ff9838e0000 - 0x00007ff9839f1000 	C:\WINDOWS\System32\ucrtbase.dll
0x00007ff96e040000 - 0x00007ff96e058000 	C:\Users\veena.mathew\Desktop\eclipse\plugins\org.eclipse.justj.openjdk.hotspot.jre.full.win32.x86_64_16.0.2.v20210721-1149\jre\bin\jli.dll
0x00007ff96b480000 - 0x00007ff96b499000 	C:\Users\veena.mathew\Desktop\eclipse\plugins\org.eclipse.justj.openjdk.hotspot.jre.full.win32.x86_64_16.0.2.v20210721-1149\jre\bin\VCRUNTIME140.dll
0x00007ff984b30000 - 0x00007ff984cde000 	C:\WINDOWS\System32\USER32.dll
0x00007ff984040000 - 0x00007ff984066000 	C:\WINDOWS\System32\win32u.dll
0x00007ff982a40000 - 0x00007ff982cd3000 	C:\WINDOWS\WinSxS\amd64_microsoft.windows.common-controls_6595b64144ccf1df_6.0.22621.2215_none_270d72677387dfc3\COMCTL32.dll
0x00007ff9844a0000 - 0x00007ff9844c9000 	C:\WINDOWS\System32\GDI32.dll
0x00007ff9861d0000 - 0x00007ff986277000 	C:\WINDOWS\System32\msvcrt.dll
0x00007ff9840e0000 - 0x00007ff9841f8000 	C:\WINDOWS\System32\gdi32full.dll
0x00007ff983fa0000 - 0x00007ff98403a000 	C:\WINDOWS\System32\msvcp_win.dll
0x00007ff984460000 - 0x00007ff984491000 	C:\WINDOWS\System32\IMM32.DLL
0x0000021dca000000 - 0x0000021dca014000 	C:\WINDOWS\System32\umppc17212.dll
0x0000000068000000 - 0x0000000068071000 	C:\WINDOWS\System32\QIPCAP64.dll
0x00007ff984550000 - 0x00007ff984600000 	C:\WINDOWS\System32\ADVAPI32.dll
0x00007ff984370000 - 0x00007ff984416000 	C:\WINDOWS\System32\sechost.dll
0x00007ff985bd0000 - 0x00007ff985ce7000 	C:\WINDOWS\System32\RPCRT4.dll
0x00007ff9853a0000 - 0x00007ff985bc3000 	C:\WINDOWS\System32\SHELL32.dll
0x00007ff981230000 - 0x00007ff981322000 	C:\WINDOWS\SYSTEM32\DNSAPI.dll
0x00007ff981200000 - 0x00007ff98122d000 	C:\WINDOWS\SYSTEM32\IPHLPAPI.DLL
0x00007ff984450000 - 0x00007ff984459000 	C:\WINDOWS\System32\NSI.dll
0x00007ff96e150000 - 0x00007ff96e15c000 	C:\Users\veena.mathew\Desktop\eclipse\plugins\org.eclipse.justj.openjdk.hotspot.jre.full.win32.x86_64_16.0.2.v20210721-1149\jre\bin\vcruntime140_1.dll
0x00007ff9532a0000 - 0x00007ff953331000 	C:\Users\veena.mathew\Desktop\eclipse\plugins\org.eclipse.justj.openjdk.hotspot.jre.full.win32.x86_64_16.0.2.v20210721-1149\jre\bin\msvcp140.dll
0x00007ff8d0f10000 - 0x00007ff8d1abb000 	C:\Users\veena.mathew\Desktop\eclipse\plugins\org.eclipse.justj.openjdk.hotspot.jre.full.win32.x86_64_16.0.2.v20210721-1149\jre\bin\server\jvm.dll
0x0000021dca180000 - 0x0000021dca188000 	C:\WINDOWS\System32\PSAPI.DLL
0x00007ff964040000 - 0x00007ff964049000 	C:\WINDOWS\SYSTEM32\WSOCK32.dll
0x00007ff986380000 - 0x00007ff9863f1000 	C:\WINDOWS\System32\WS2_32.dll
0x00007ff977390000 - 0x00007ff9773c4000 	C:\WINDOWS\SYSTEM32\WINMM.dll
0x00007ff981900000 - 0x00007ff98190a000 	C:\WINDOWS\SYSTEM32\VERSION.dll
0x00007ff981970000 - 0x00007ff981988000 	C:\WINDOWS\SYSTEM32\kernel.appcore.dll
0x00007ff9673d0000 - 0x00007ff9673da000 	C:\Users\veena.mathew\Desktop\eclipse\plugins\org.eclipse.justj.openjdk.hotspot.jre.full.win32.x86_64_16.0.2.v20210721-1149\jre\bin\jimage.dll
0x00007ff983180000 - 0x00007ff9833ae000 	C:\WINDOWS\SYSTEM32\DBGHELP.DLL
0x00007ff985cf0000 - 0x00007ff98607a000 	C:\WINDOWS\System32\combase.dll
0x00007ff985160000 - 0x00007ff985237000 	C:\WINDOWS\System32\OLEAUT32.dll
0x00007ff982fc0000 - 0x00007ff982ff2000 	C:\WINDOWS\SYSTEM32\dbgcore.DLL
0x00007ff983f20000 - 0x00007ff983f9a000 	C:\WINDOWS\System32\bcryptPrimitives.dll
0x00007ff953600000 - 0x00007ff95363b000 	C:\Users\veena.mathew\Desktop\eclipse\plugins\org.eclipse.justj.openjdk.hotspot.jre.full.win32.x86_64_16.0.2.v20210721-1149\jre\bin\jdwp.dll
0x00007ff921850000 - 0x00007ff921875000 	C:\Users\veena.mathew\Desktop\eclipse\plugins\org.eclipse.justj.openjdk.hotspot.jre.full.win32.x86_64_16.0.2.v20210721-1149\jre\bin\java.dll
0x00007ff92ff20000 - 0x00007ff92ff38000 	C:\Users\veena.mathew\Desktop\eclipse\plugins\org.eclipse.justj.openjdk.hotspot.jre.full.win32.x86_64_16.0.2.v20210721-1149\jre\bin\zip.dll
0x00007ff980710000 - 0x00007ff980ffa000 	C:\WINDOWS\SYSTEM32\windows.storage.dll
0x00007ff980580000 - 0x00007ff9806be000 	C:\WINDOWS\SYSTEM32\wintypes.dll
0x00007ff9852a0000 - 0x00007ff985393000 	C:\WINDOWS\System32\SHCORE.dll
0x00007ff985240000 - 0x00007ff98529e000 	C:\WINDOWS\System32\shlwapi.dll
0x00007ff983750000 - 0x00007ff983776000 	C:\WINDOWS\SYSTEM32\profapi.dll
0x00007ff96e160000 - 0x00007ff96e16c000 	C:\Users\veena.mathew\Desktop\eclipse\plugins\org.eclipse.justj.openjdk.hotspot.jre.full.win32.x86_64_16.0.2.v20210721-1149\jre\bin\dt_socket.dll
0x00007ff982780000 - 0x00007ff9827e9000 	C:\WINDOWS\system32\mswsock.dll
0x00007ff9790c0000 - 0x00007ff9790ca000 	C:\Windows\System32\rasadhlp.dll
0x00007ff979c20000 - 0x00007ff979ca4000 	C:\WINDOWS\System32\fwpuclnt.dll
0x00007ff92fe20000 - 0x00007ff92fe39000 	C:\Users\veena.mathew\Desktop\eclipse\plugins\org.eclipse.justj.openjdk.hotspot.jre.full.win32.x86_64_16.0.2.v20210721-1149\jre\bin\net.dll
0x00007ff979d90000 - 0x00007ff979ec7000 	C:\WINDOWS\SYSTEM32\WINHTTP.dll
0x00007ff921830000 - 0x00007ff921843000 	C:\Users\veena.mathew\Desktop\eclipse\plugins\org.eclipse.justj.openjdk.hotspot.jre.full.win32.x86_64_16.0.2.v20210721-1149\jre\bin\nio.dll
0x00007ff94c860000 - 0x00007ff94c870000 	C:\Users\veena.mathew\Desktop\eclipse\plugins\org.eclipse.justj.openjdk.hotspot.jre.full.win32.x86_64_16.0.2.v20210721-1149\jre\bin\verify.dll
0x00007ff9834c0000 - 0x00007ff9834db000 	C:\WINDOWS\SYSTEM32\CRYPTSP.dll
0x00007ff9818c0000 - 0x00007ff9818f5000 	C:\WINDOWS\system32\rsaenh.dll
0x00007ff9828c0000 - 0x00007ff9828ec000 	C:\WINDOWS\SYSTEM32\USERENV.dll
0x00007ff983090000 - 0x00007ff9830b8000 	C:\WINDOWS\SYSTEM32\bcrypt.dll
0x00007ff982760000 - 0x00007ff98276c000 	C:\WINDOWS\SYSTEM32\CRYPTBASE.dll
0x00007ff979560000 - 0x00007ff979579000 	C:\WINDOWS\SYSTEM32\dhcpcsvc6.DLL
0x00007ff979540000 - 0x00007ff97955f000 	C:\WINDOWS\SYSTEM32\dhcpcsvc.DLL
0x00007ff943720000 - 0x00007ff94372e000 	C:\Users\veena.mathew\Desktop\eclipse\plugins\org.eclipse.justj.openjdk.hotspot.jre.full.win32.x86_64_16.0.2.v20210721-1149\jre\bin\sunmscapi.dll
0x00007ff983db0000 - 0x00007ff983f16000 	C:\WINDOWS\System32\CRYPT32.dll
0x00007ff982a10000 - 0x00007ff982a3e000 	C:\WINDOWS\SYSTEM32\ncrypt.dll
0x00007ff9829d0000 - 0x00007ff982a07000 	C:\WINDOWS\SYSTEM32\NTASN1.dll
0x00007ff955460000 - 0x00007ff955477000 	C:\WINDOWS\system32\napinsp.dll
0x00007ff955440000 - 0x00007ff95545b000 	C:\WINDOWS\system32\pnrpnsp.dll
0x00007ff9552f0000 - 0x00007ff955301000 	C:\WINDOWS\System32\winrnr.dll
0x00007ff976e50000 - 0x00007ff976e65000 	C:\WINDOWS\system32\wshbth.dll
0x00007ff9552c0000 - 0x00007ff9552e1000 	C:\WINDOWS\system32\nlansp_c.dll
0x00007ff9456b0000 - 0x00007ff9456b9000 	C:\Users\veena.mathew\Desktop\eclipse\plugins\org.eclipse.justj.openjdk.hotspot.jre.full.win32.x86_64_16.0.2.v20210721-1149\jre\bin\management.dll
0x00007ff943730000 - 0x00007ff94373b000 	C:\Users\veena.mathew\Desktop\eclipse\plugins\org.eclipse.justj.openjdk.hotspot.jre.full.win32.x86_64_16.0.2.v20210721-1149\jre\bin\management_ext.dll

dbghelp: loaded successfully - version: 4.0.5 - missing functions: none
symbol engine: initialized successfully - sym options: 0x614 - pdb path: .;C:\Users\veena.mathew\Desktop\eclipse\plugins\org.eclipse.justj.openjdk.hotspot.jre.full.win32.x86_64_16.0.2.v20210721-1149\jre\bin;C:\WINDOWS\SYSTEM32;C:\WINDOWS\WinSxS\amd64_microsoft.windows.common-controls_6595b64144ccf1df_6.0.22621.2215_none_270d72677387dfc3;C:\Users\veena.mathew\Desktop\eclipse\plugins\org.eclipse.justj.openjdk.hotspot.jre.full.win32.x86_64_16.0.2.v20210721-1149\jre\bin\server

VM Arguments:
jvm_args: -XX:+ShowCodeDetailsInExceptionMessages -agentlib:jdwp=transport=dt_socket,suspend=y,address=localhost:58282 -ea -Dfile.encoding=Cp1252 
java_command: org.testng.remote.RemoteTestNG -serport 58281 -protocol json -d C:\Users\veena.mathew\eclipse-workspace\com.QAPrimeIntegration\test-output C:\Users\veena.mathew\eclipse-workspace\com.QAPrimeIntegration\PrimeConfig.xml
java_class_path (initial): C:\Users\veena.mathew\Desktop\eclipse\configuration\org.eclipse.osgi\442\0\.cp\lib\testng-remote.jar;C:\Users\veena.mathew\eclipse-workspace\com.QAPrimeIntegration\target\test-classes;C:\Users\veena.mathew\eclipse-workspace\com.QAPrimeIntegration\target\classes;C:\Users\veena.mathew\Desktop\eclipse\plugins\org.testng_7.8.0.r202306071539.jar;C:\Users\veena.mathew\Desktop\eclipse\plugins\com.beust.jcommander_1.82.0.jar;C:\Users\veena.mathew\Desktop\eclipse\plugins\org.apache-extras.beanshell.bsh_2.0.0.b6.jar;C:\Users\veena.mathew\Desktop\eclipse\plugins\org.yaml.snakeyaml_1.21.0.jar;C:\Users\veena.mathew\Desktop\eclipse\plugins\org.webjars.jquery_3.6.1.jar;C:\Users\veena.mathew\.m2\repository\velocity\velocity-dep\1.4\velocity-dep-1.4.jar;C:\Users\veena.mathew\.m2\repository\org\uncommons\reportng\1.1.4\reportng-1.1.4.jar;C:\Users\veena.mathew\.m2\repository\velocity\velocity\1.4\velocity-1.4.jar;C:\Users\veena.mathew\.m2\repository\com\googlecode\json-simple\json-simple\1.1.1\json-simple-1.1.1.jar;C:\Users\veena.mathew\.m2\repository\com\jayway\jsonpath\json-path\2.6.0\json-path-2.6.0.jar;C:\Users\veena.mathew\.m2\repository\net\minidev\json-smart\2.4.7\json-smart-2.4.7.jar;C:\Users\veena.mathew\.m2\repository\net\minidev\accessors-smart\2.4.7\accessors-smart-2.4.7.jar;C:\Users\veena.mathew\.m2\repository\org\ow2\asm\asm\9.1\asm-9.1.jar;C:\Users\veena.mathew\.m2\repository\org\slf4j\slf4j-api\1.7.30\slf4j-api-1.7.30.jar;C:\Users\veena.mathew\.m2\repository\org\testng\testng\6.10\testng-6.10.jar;C:\Users\veena.mathew\.m2\repository\com\beust\jcommander\1.48\jcommander-1.48.jar;C:\Users\veena.mathew\.m2\repository\org\seleniumhq\selenium\selenium-java\3.141.59\selenium-java-3.141.59.jar;C:\Users\veena.mathew\.m2\repository\org\seleniumhq\selenium\selenium-api\3.141.59\selenium-api-3.141.59.jar;C:\Users\veena.mathew\.m2\repository\org\seleniumhq\selenium\selenium-chrome-driver\3.141.59\selenium-chrome-driver-3.141.59.jar;C:\Users\veena.mathe
Launcher Type: SUN_STANDARD

[Global flags]
     intx CICompilerCount                          = 4                                         {product} {ergonomic}
     uint ConcGCThreads                            = 2                                         {product} {ergonomic}
     uint G1ConcRefinementThreads                  = 8                                         {product} {ergonomic}
   size_t G1HeapRegionSize                         = 2097152                                   {product} {ergonomic}
    uintx GCDrainStackTargetSize                   = 64                                        {product} {ergonomic}
   size_t InitialHeapSize                          = 264241152                                 {product} {ergonomic}
   size_t MarkStackSize                            = 4194304                                   {product} {ergonomic}
   size_t MaxHeapSize                              = 4225761280                                {product} {ergonomic}
   size_t MaxNewSize                               = 2535456768                                {product} {ergonomic}
   size_t MinHeapDeltaBytes                        = 2097152                                   {product} {ergonomic}
   size_t MinHeapSize                              = 8388608                                   {product} {ergonomic}
    uintx NonNMethodCodeHeapSize                   = 5839372                                {pd product} {ergonomic}
    uintx NonProfiledCodeHeapSize                  = 122909434                              {pd product} {ergonomic}
    uintx ProfiledCodeHeapSize                     = 122909434                              {pd product} {ergonomic}
    uintx ReservedCodeCacheSize                    = 251658240                              {pd product} {ergonomic}
     bool SegmentedCodeCache                       = true                                      {product} {ergonomic}
     bool ShowCodeDetailsInExceptionMessages       = true                                   {manageable} {command line}
   size_t SoftMaxHeapSize                          = 4225761280                             {manageable} {ergonomic}
     bool UseCompressedClassPointers               = true                           {product lp64_product} {ergonomic}
     bool UseCompressedOops                        = true                           {product lp64_product} {ergonomic}
     bool UseG1GC                                  = true                                      {product} {ergonomic}
     bool UseLargePagesIndividualAllocation        = false                                  {pd product} {ergonomic}

Logging:
Log output configuration:
 #0: stdout all=warning uptime,level,tags
 #1: stderr all=off uptime,level,tags

Environment Variables:
JAVA_HOME=C:\Program Files\Java\jdk1.8.0_202
PATH=C:\Users\veena.mathew\Desktop\eclipse\plugins\org.eclipse.justj.openjdk.hotspot.jre.full.win32.x86_64_16.0.2.v20210721-1149\jre\bin;C:/Users/veena.mathew/Desktop/eclipse//plugins/org.eclipse.justj.openjdk.hotspot.jre.full.win32.x86_64_16.0.2.v20210721-1149/jre/bin/server;C:/Users/veena.mathew/Desktop/eclipse//plugins/org.eclipse.justj.openjdk.hotspot.jre.full.win32.x86_64_16.0.2.v20210721-1149/jre/bin;C:\Program Files (x86)\Common Files\Oracle\Java\javapath;C:\WINDOWS\system32;C:\WINDOWS;C:\WINDOWS\System32\Wbem;C:\WINDOWS\System32\WindowsPowerShell\v1.0\;C:\WINDOWS\System32\OpenSSH\;C:\Program Files\dotnet\;C:\Program Files\apache-maven-3.9.3-bin\apache-maven-3.9.3\bin;C:\Users\veena.mathew\AppData\Local\Microsoft\WindowsApps;C:\Program Files\Java\jdk1.8.0_202\bin;;C:\Users\veena.mathew\Desktop\eclipse;
USERNAME=Veena.Mathew
OS=Windows_NT
PROCESSOR_IDENTIFIER=Intel64 Family 6 Model 140 Stepping 1, GenuineIntel



---------------  S Y S T E M  ---------------

OS:
 Windows 10 , 64 bit Build 22621 (10.0.22621.2215)
OS uptime: 7 days 16:22 hours

CPU: total 8 (initial active 8) (4 cores per cpu, 2 threads per core) family 6 model 140 stepping 1 microcode 0xa4, cx8, cmov, fxsr, ht, mmx, 3dnowpref, sse, sse2, sse3, ssse3, sse4.1, sse4.2, popcnt, lzcnt, tsc, tscinvbit, avx, avx2, aes, erms, clmul, bmi1, bmi2, adx, avx512f, avx512dq, avx512cd, avx512bw, avx512vl, sha, fma, vzeroupper, avx512_vpopcntdq, avx512_vpclmulqdq, avx512_vaes, avx512_vnni, clflush, clflushopt, clwb, avx512_vmbi2, avx512_vmbi

Memory: 4k page, system-wide physical 16118M (1873M free)
TotalPageFile size 34241M (AvailPageFile size 9356M)
current process WorkingSet (physical memory assigned to process): 231M, peak: 307M
current process commit charge ("private bytes"): 267M, peak: 389M

vm_info: OpenJDK 64-Bit Server VM (16.0.2+7-67) for windows-amd64 JRE (16.0.2+7-67), built on Jun  8 2021 23:21:43 by "mach5one" with MS VC++ 16.7 (VS2019)

END.
